plugin_register expression_rewriters/index_selector
[[0,0.0,0.0],true]
table_create expression_rewriters TABLE_HASH_KEY ShortText
[[0,0.0,0.0],true]
column_create expression_rewriters plugin_name COLUMN_SCALAR Text
[[0,0.0,0.0],true]
load --table expression_rewriters
[
{"_key": "index_selector", "plugin_name": "expression_rewriters/index_selector"}
]
[[0,0.0,0.0],1]
config_set index-selector.table white_words
[[0,0.0,0.0],true]
table_create Entries TABLE_NO_KEY
[[0,0.0,0.0],true]
column_create Entries title COLUMN_SCALAR ShortText
[[0,0.0,0.0],true]
column_create Entries body COLUMN_SCALAR ShortText
[[0,0.0,0.0],true]
table_create white_words TABLE_PAT_KEY ShortText --default_tokenizer TokenBigram --normalizer NormalizerAuto
[[0,0.0,0.0],true]
column_create white_words index COLUMN_INDEX|WITH_POSITION|WITH_SECTION Entries title
[[0,0.0,0.0],true]
load --table white_words
[
{"_key": "postgresql"}
]
[[0,0.0,0.0],1]
table_create Terms TABLE_PAT_KEY ShortText --default_tokenizer TokenBigram
[[0,0.0,0.0],true]
column_create Terms index COLUMN_INDEX|WITH_POSITION|WITH_SECTION Entries title,body
[[0,0.0,0.0],true]
load --table Entries
[
{"title": "Groonga and MySQL", "body": "Groonga PostgreSQL"}
]
[[0,0.0,0.0],1]
select Entries --match_columns Terms.index.body --query 'PostgreSQL'
[
  [
    0,
    0.0,
    0.0
  ],
  [
    [
      [
        1
      ],
      [
        [
          "_id",
          "UInt32"
        ],
        [
          "body",
          "ShortText"
        ],
        [
          "title",
          "ShortText"
        ]
      ],
      [
        1,
        "Groonga PostgreSQL",
        "Groonga and MySQL"
      ]
    ]
  ]
]
